../Drivers/CMSIS/Include/core_cm4.h:2064:26:ITM_SendChar	16	static,ignoring_inline_asm
../Core/Src/main.c:143:5:main	112	static
../Core/Src/main.c:197:5:_write	32	static
../Core/Src/main.c:209:6:SCI_s12dec_Out	24	static
../Core/Src/main.c:260:12:MMA845x_Read_Sensor_Value	48	static
../Core/Src/main.c:295:12:MMA845x_Set_Sensor_Filter_Type	40	static
../Core/Src/main.c:317:12:MMA845x_Set_Sensor_HP_Cutoff_Frequency	40	static
../Core/Src/main.c:348:12:MMA845x_Set_Sensor_Power_Mode	40	static
../Core/Src/main.c:411:12:MMA845x_Set_Data_Rate	40	static
../Core/Src/main.c:431:12:MMA845x_Set_Sensor_G_Mode	40	static
../Core/Src/main.c:466:12:MMA845x_Set_Sensor_State	40	static
../Core/Src/main.c:487:5:MMA845x_Test_Sensor	16	static
../Core/Src/main.c:498:9:MMA845x_Read_ID	32	static
../Core/Src/main.c:514:6:SystemClock_Config	88	static
../Core/Src/main.c:556:13:MX_I2C1_Init	8	static
../Core/Src/main.c:579:13:MX_GPIO_Init	16	static
../Core/Src/main.c:591:6:Error_Handler	4	static,ignoring_inline_asm
