../Core/Src/main.c:125:5:main	88	static
../Core/Src/main.c:157:19:MMA845x_Set_Sensor_Filter	40	static
../Core/Src/main.c:181:19:MMA845x_Set_Sensor_HP_Cutoff_Frequency	40	static
../Core/Src/main.c:212:19:MMA845x_Set_Sensor_Power_Mode	40	static
../Core/Src/main.c:296:19:MMA845x_Set_Data_Rate	40	static
../Core/Src/main.c:320:19:MMA845x_Set_Sensor_G_Mode	40	static
../Core/Src/main.c:357:19:MMA845x_Set_Sensor_State	40	static
../Core/Src/main.c:378:5:MMA845x_Test_Sensor	16	static
../Core/Src/main.c:389:9:MMA845x_Read_ID	40	static
../Core/Src/main.c:405:6:SystemClock_Config	88	static
../Core/Src/main.c:447:13:MX_I2C1_Init	8	static
../Core/Src/main.c:470:13:MX_GPIO_Init	16	static
../Core/Src/main.c:482:6:Error_Handler	4	static,ignoring_inline_asm
